[www.kamtar-ci.com/index.html]
[backblue.gif]
[fade.gif]
[index.html]
[www.kamtar-ci.com/manifest.json]
[www.kamtar-ci.com/img/icons/icon512.png]
[www.kamtar-ci.com/img/favicon/apple-touch-icon.png]
[www.kamtar-ci.com/img/favicon/favicon-32x32.png]
[www.kamtar-ci.com/img/favicon/favicon-16x16.png]
[www.kamtar-ci.com/js/jquery-3.2.1.min.js]
[www.kamtar-ci.com/css/accueil7950.css]
[www.kamtar-ci.com/css/style7950.css]
[www.kamtar-ci.com/js/header7950.js]
[www.kamtar-ci.com/js/config7950.js]
[www.kamtar-ci.com/js/js.cookie.min7950.js]
[www.kamtar-ci.com/js/utils7950.js]
[www.kamtar-ci.com/js/i18next/i18next.min.js]
[www.kamtar-ci.com/js/i18next/jquery-i18next.min.js]
[www.kamtar-ci.com/js/i18next/i18nextXHRBackend.js]
[www.kamtar-ci.com/css/menu7950.css]
[www.kamtar-ci.com/js/menu7950.js]
[www.kamtar-ci.com/raisons.html]
[www.kamtar-ci.com/clients.html]
[www.kamtar-ci.com/contact.html]
[www.kamtar-ci.com/spot-regulier.html]
[www.kamtar-ci.com/img/bus_green.png]
[www.kamtar-ci.com/img/triangles-top2@2x.png]
[www.kamtar-ci.com/img/logo_bollore.png]
[www.kamtar-ci.com/img/logo_pfo.png]
[www.kamtar-ci.com/img/logo_jumia.png]
[www.kamtar-ci.com/img/logo_cdci.png]
[www.kamtar-ci.com/img/logo_sania.png]
[www.kamtar-ci.com/img/logo_yara.png]
[www.kamtar-ci.com/img/logo_nexans.png]
[www.kamtar-ci.com/img/logo_bel.png]
[www.kamtar-ci.com/img/logo_vivo.png]
[www.kamtar-ci.com/img/camion-detoure-2.png]
[www.kamtar-ci.com/img/delivery.png]
[www.kamtar-ci.com/img/forklift.png]
[www.kamtar-ci.com/index.html]
[www.kamtar-ci.com/img/shutterstock_412634227.png]
[www.kamtar-ci.com/img/motif_vert.png]
[www.kamtar-ci.com/css/accueil7950.css]
[www.kamtar-ci.com/fonts/Aquatico-Regular.otf]
[www.kamtar-ci.com/css/style7950.css]
[www.kamtar-ci.com/css/menu7950.css]
[www.kamtar-ci.com/css/raisons7950.css]
[www.kamtar-ci.com/raisons.html]
[www.kamtar-ci.com/css/clients7950.css]
[www.kamtar-ci.com/img/clients/2i.jpg]
[www.kamtar-ci.com/img/clients/abt.jpg]
[www.kamtar-ci.com/img/clients/ads.jpg]
[www.kamtar-ci.com/img/clients/aec.png]
[www.kamtar-ci.com/img/clients/africa_move.png]
[www.kamtar-ci.com/img/clients/afrimarket.jpg]
[www.kamtar-ci.com/img/clients/afriqbtp.png]
[www.kamtar-ci.com/img/clients/agh.jpg]
[www.kamtar-ci.com/img/clients/airone.png]
[www.kamtar-ci.com/img/clients/ama.jpg]
[www.kamtar-ci.com/img/clients/baab.jpg]
[www.kamtar-ci.com/img/clients/bel.png]
[www.kamtar-ci.com/img/clients/bicici.png]
[www.kamtar-ci.com/img/clients/bollore.png]
[www.kamtar-ci.com/img/clients/boro.png]
[www.kamtar-ci.com/img/clients/bouchard.jpg]
[www.kamtar-ci.com/img/clients/callivoire.png]
[www.kamtar-ci.com/img/clients/cdci.jpg]
[www.kamtar-ci.com/img/clients/cemoi.jpg]
[www.kamtar-ci.com/img/clients/ci_energies.jpg]
[www.kamtar-ci.com/img/clients/cma.png]
[www.kamtar-ci.com/img/clients/decathlon.png]
[www.kamtar-ci.com/img/clients/dip.jpg]
[www.kamtar-ci.com/img/clients/doya.png]
[www.kamtar-ci.com/img/clients/effitrans.png]
[www.kamtar-ci.com/img/clients/eolis.jpg]
[www.kamtar-ci.com/img/clients/esp.png]
[www.kamtar-ci.com/img/clients/fan.png]
[www.kamtar-ci.com/img/clients/fenix.png]
[www.kamtar-ci.com/img/clients/ganlogis.png]
[www.kamtar-ci.com/img/clients/inie.jpg]
[www.kamtar-ci.com/img/clients/johns.jpg]
[www.kamtar-ci.com/img/clients/jumia.png]
[www.kamtar-ci.com/img/clients/kanu.jpg]
[www.kamtar-ci.com/img/clients/kaydan.png]
[www.kamtar-ci.com/img/clients/mcn.jpg]
[www.kamtar-ci.com/img/clients/mfi.png]
[www.kamtar-ci.com/img/clients/nexans.jpg]
[www.kamtar-ci.com/img/clients/ocp.jpg]
[www.kamtar-ci.com/img/clients/okana.png]
[www.kamtar-ci.com/img/clients/oma.png]
[www.kamtar-ci.com/img/clients/omoa.png]
[www.kamtar-ci.com/img/clients/oplayce.jpg]
[www.kamtar-ci.com/img/clients/packing.png]
[www.kamtar-ci.com/img/clients/paps.png]
[www.kamtar-ci.com/img/clients/patchi.jpg]
[www.kamtar-ci.com/img/clients/pfo.png]
[www.kamtar-ci.com/img/clients/phn.jpg]
[www.kamtar-ci.com/img/clients/pixel.png]
[www.kamtar-ci.com/img/clients/pls.png]
[www.kamtar-ci.com/img/clients/rim.png]
[www.kamtar-ci.com/img/clients/sania.png]
[www.kamtar-ci.com/img/clients/sensaagri.png]
[www.kamtar-ci.com/img/clients/societe_ivoirienne_banque.png]
[www.kamtar-ci.com/img/clients/soge.jpg]
[www.kamtar-ci.com/img/clients/solevo.png]
[www.kamtar-ci.com/img/clients/tafissa.png]
[www.kamtar-ci.com/img/clients/unilever.png]
[www.kamtar-ci.com/img/clients/vivo.png]
[www.kamtar-ci.com/img/clients/west_africa_agro.jpg]
[www.kamtar-ci.com/img/clients/yara.png]
[www.kamtar-ci.com/img/clients/yemaya.png]
[www.kamtar-ci.com/clients.html]
[www.kamtar-ci.com/css/contact7950.css]
[www.kamtar-ci.com/contact.html]
[www.kamtar-ci.com/css/spot-regulier7950.css]
[www.kamtar-ci.com/img/Marker.jpg]
[www.kamtar-ci.com/img/Arrow.jpg]
[www.kamtar-ci.com/spot-regulier.html]
[www.kamtar-ci.com/img/Circle-cross_White.svg]
[www.kamtar-ci.com/img/iconfinder_smartphone.svg]
[www.kamtar-ci.com/img/eclair_green.svg]
[www.kamtar-ci.com/img/boussole_green.svg]
[www.kamtar-ci.com/img/bacon.svg]
[www.kamtar-ci.com/img/bacon_blanc.svg]
[www.kamtar-ci.com/img/citymap.png]
[www.kamtar-ci.com/css/raisons7950.css]
[www.kamtar-ci.com/img/Star.svg]
[www.kamtar-ci.com/img/People.svg]
[www.kamtar-ci.com/img/Truck.svg]
[www.kamtar-ci.com/img/Telephone.svg]
[www.kamtar-ci.com/img/Smiley.svg]
[www.kamtar-ci.com/img/Infinite.svg]
[www.kamtar-ci.com/img/Pig.svg]
[www.kamtar-ci.com/img/Chat.svg]
[www.kamtar-ci.com/img/Scan.svg]
[www.kamtar-ci.com/img/Boussole.svg]
[www.kamtar-ci.com/css/clients7950.css]
[www.kamtar-ci.com/img/clients/footaat.svg]
[www.kamtar-ci.com/img/clients/idea.svg]
[www.kamtar-ci.com/img/clients/r_logistic.svg]
[www.kamtar-ci.com/img/clients/sofamac.svg]
[www.kamtar-ci.com/css/contact7950.css]
[www.kamtar-ci.com/css/spot-regulier7950.css]
